// Jest Snapshot v1, https://goo.gl/fbAQLP

exports[`Sort control When data is valid component should renders correctly 1`] = `
<div
  className="sort-control"
>
  <p
    className="sort-control__text sort-control__text--sorting"
  >
    SORT BY
  </p>
  <div
    className="sort-control__select-container"
  >
    <select
      className="sort-control__select"
      data-testid="selected-sort-option"
      onChange={[Function]}
      value="RELEASE DATE"
    >
      <option
        className="sort-control__text sort-control__text--sorting-option"
        value="RELEASE DATE"
      >
        RELEASE DATE
      </option>
      <option
        className="sort-control__text sort-control__text--sorting-option"
        value="TITLE"
      >
        TITLE
      </option>
    </select>
    <span
      className="icon-arrow-down"
    />
  </div>
</div>
`;
